// Vitest Snapshot v1, https://vitest.dev/guide/snapshot.html

exports[`Generators / ChakraWrapper > adds Vite configuration 1`] = `
"import { resolve } from 'path';
import excludeDependenciesFromBundle from 'rollup-plugin-exclude-dependencies-from-bundle';
import { defineConfig } from 'vite';

export default defineConfig({
  plugins: [excludeDependenciesFromBundle()],
  build: {
    lib: {
      entry: resolve(__dirname, 'src/index.ts'),
      name: 'ui-button',
      fileName: 'ui-button',
      formats: ['es'],
    },
  },
});
"
`;

exports[`Generators / ChakraWrapper > adds package.json 1`] = `
"{
  \\"name\\": \\"@ricardocosta/ui-button\\",
  \\"version\\": \\"0.0.1\\",
  \\"type\\": \\"module\\",
  \\"files\\": [
    \\"dist\\"
  ],
  \\"module\\": \\"./dist/ui-button.js\\",
  \\"exports\\": {
    \\".\\": {
      \\"import\\": \\"./dist/ui-button.js\\"
    }
  },
  \\"peerDependencies\\": {
    \\"@emotion/react\\": \\"^11.11.1\\",
    \\"@emotion/styled\\": \\"^11.11.0\\",
    \\"framer-motion\\": \\"^10.12.21\\",
    \\"react\\": \\"^18.2.0\\",
    \\"react-dom\\": \\"^18.2.0\\"
  }
}
"
`;
