// Vitest Snapshot v1

exports[`Generators / ChakraWrapper > adds Vite configuration 1`] = `
"import { resolve } from \\"path\\";

import { defineConfig } from \\"vite\\";

export default defineConfig({
  build: {
    lib: {
      entry: resolve(__dirname, \\"src/index.ts\\"),
      name: \\"ui-button\\",
      fileName: \\"ui-button\\",
    },
    rollupOptions: {
      // make sure to externalize deps that shouldn't be bundled
      // into your library
      external: [\\"@emotion/react\\", \\"@emotion/styled\\", \\"framer-motion\\", \\"react\\", \\"react-dom\\"],
      output: {
        // Provide global variables to use in the UMD build
        // for externalized deps
        globals: {
          \\"@emotion/react\\": \\"EmotionReact\\",
          \\"@emotion/styled\\": \\"EmotionStyled\\",
          \\"framer-motion\\": \\"FramerMotion\\",
          react: \\"React\\",
          \\"react-dom\\": \\"ReactDOM\\",
        },
      },
    },
  },
});
"
`;

exports[`Generators / ChakraWrapper > adds package.json 1`] = `
"{
  \\"name\\": \\"@ricardocosta/ui-button\\",
  \\"version\\": \\"0.0.1\\",
  \\"type\\": \\"module\\",
  \\"files\\": [
    \\"dist\\"
  ],
  \\"main\\": \\"./dist/ui-button.umd.cjs\\",
  \\"module\\": \\"./dist/ui-button.js\\",
  \\"exports\\": {
    \\".\\": {
      \\"import\\": \\"./dist/ui-button.js\\",
      \\"require\\": \\"./dist/ui-button.umd.cjs\\"
    }
  },
  \\"peerDependencies\\": {\\"@emotion/react\\":\\"^11.10.6\\",\\"@emotion/styled\\":\\"^11.10.5\\",\\"framer-motion\\":\\"^7.10.2\\",\\"react\\":\\"^18.2.0\\",\\"react-dom\\":\\"^18.2.0\\"}
}
"
`;
